Archive member included to satisfy reference by file (symbol)

c:/program files (x86)/atmel/studio/7.0/toolchain/avr8/avr8-gnu-toolchain/bin/../lib/gcc/avr/4.9.2/avrxmega7\libgcc.a(_exit.o)
                              C:/Program Files (x86)/Atmel/Studio/7.0/Packs/atmel/XMEGAA_DFP/1.0.36/gcc/dev/atxmega128a1/avrxmega7/crtatxmega128a1.o (exit)
c:/program files (x86)/atmel/studio/7.0/toolchain/avr8/avr8-gnu-toolchain/bin/../lib/gcc/avr/4.9.2/avrxmega7\libgcc.a(_copy_data.o)
                              display_demo.o (__do_copy_data)
c:/program files (x86)/atmel/studio/7.0/toolchain/avr8/avr8-gnu-toolchain/bin/../lib/gcc/avr/4.9.2/avrxmega7\libgcc.a(_clear_bss.o)
                              ATXMEGA_pok.o (__do_clear_bss)

Allocating common symbols
Common symbol       size              file

b                   0x2               ATXMEGA_pok.o
hello               0xa               ATXMEGA_pok.o
text                0xcd              display_demo.o
lenghs_print        0xcd              matrix_disp_driving.o
rozborka            0x96              matrix_disp_driving.o
a                   0x2               ATXMEGA_pok.o

Discarded input sections

 .data          0x00000000        0x0 C:/Program Files (x86)/Atmel/Studio/7.0/Packs/atmel/XMEGAA_DFP/1.0.36/gcc/dev/atxmega128a1/avrxmega7/crtatxmega128a1.o
 .bss           0x00000000        0x0 C:/Program Files (x86)/Atmel/Studio/7.0/Packs/atmel/XMEGAA_DFP/1.0.36/gcc/dev/atxmega128a1/avrxmega7/crtatxmega128a1.o
 .text          0x00000000        0x0 ATXMEGA_pok.o
 .data          0x00000000        0x0 ATXMEGA_pok.o
 .bss           0x00000000        0x0 ATXMEGA_pok.o
 .bss.counter   0x00000000        0x1 ATXMEGA_pok.o
 COMMON         0x00000000        0xe ATXMEGA_pok.o
 .text          0x00000000        0x0 display_demo.o
 .data          0x00000000        0x0 display_demo.o
 .bss           0x00000000        0x0 display_demo.o
 .data.hello_text
                0x00000000       0x32 display_demo.o
 .text          0x00000000        0x0 matrix_disp_driving.o
 .data          0x00000000        0x0 matrix_disp_driving.o
 .bss           0x00000000        0x0 matrix_disp_driving.o
 .text.bit_read
                0x00000000       0x10 matrix_disp_driving.o
 .bss.VIDEO_MEM_2
                0x00000000       0x30 matrix_disp_driving.o
 COMMON         0x00000000      0x163 matrix_disp_driving.o
 .text          0x00000000        0x0 set_32MHz.o
 .data          0x00000000        0x0 set_32MHz.o
 .bss           0x00000000        0x0 set_32MHz.o
 .text          0x00000000        0x0 c:/program files (x86)/atmel/studio/7.0/toolchain/avr8/avr8-gnu-toolchain/bin/../lib/gcc/avr/4.9.2/avrxmega7\libgcc.a(_exit.o)
 .data          0x00000000        0x0 c:/program files (x86)/atmel/studio/7.0/toolchain/avr8/avr8-gnu-toolchain/bin/../lib/gcc/avr/4.9.2/avrxmega7\libgcc.a(_exit.o)
 .bss           0x00000000        0x0 c:/program files (x86)/atmel/studio/7.0/toolchain/avr8/avr8-gnu-toolchain/bin/../lib/gcc/avr/4.9.2/avrxmega7\libgcc.a(_exit.o)
 .text.libgcc.mul
                0x00000000        0x0 c:/program files (x86)/atmel/studio/7.0/toolchain/avr8/avr8-gnu-toolchain/bin/../lib/gcc/avr/4.9.2/avrxmega7\libgcc.a(_exit.o)
 .text.libgcc.div
                0x00000000        0x0 c:/program files (x86)/atmel/studio/7.0/toolchain/avr8/avr8-gnu-toolchain/bin/../lib/gcc/avr/4.9.2/avrxmega7\libgcc.a(_exit.o)
 .text.libgcc   0x00000000        0x0 c:/program files (x86)/atmel/studio/7.0/toolchain/avr8/avr8-gnu-toolchain/bin/../lib/gcc/avr/4.9.2/avrxmega7\libgcc.a(_exit.o)
 .text.libgcc.prologue
                0x00000000        0x0 c:/program files (x86)/atmel/studio/7.0/toolchain/avr8/avr8-gnu-toolchain/bin/../lib/gcc/avr/4.9.2/avrxmega7\libgcc.a(_exit.o)
 .text.libgcc.builtins
                0x00000000        0x0 c:/program files (x86)/atmel/studio/7.0/toolchain/avr8/avr8-gnu-toolchain/bin/../lib/gcc/avr/4.9.2/avrxmega7\libgcc.a(_exit.o)
 .text.libgcc.fmul
                0x00000000        0x0 c:/program files (x86)/atmel/studio/7.0/toolchain/avr8/avr8-gnu-toolchain/bin/../lib/gcc/avr/4.9.2/avrxmega7\libgcc.a(_exit.o)
 .text.libgcc.fixed
                0x00000000        0x0 c:/program files (x86)/atmel/studio/7.0/toolchain/avr8/avr8-gnu-toolchain/bin/../lib/gcc/avr/4.9.2/avrxmega7\libgcc.a(_exit.o)
 .text          0x00000000        0x0 c:/program files (x86)/atmel/studio/7.0/toolchain/avr8/avr8-gnu-toolchain/bin/../lib/gcc/avr/4.9.2/avrxmega7\libgcc.a(_copy_data.o)
 .data          0x00000000        0x0 c:/program files (x86)/atmel/studio/7.0/toolchain/avr8/avr8-gnu-toolchain/bin/../lib/gcc/avr/4.9.2/avrxmega7\libgcc.a(_copy_data.o)
 .bss           0x00000000        0x0 c:/program files (x86)/atmel/studio/7.0/toolchain/avr8/avr8-gnu-toolchain/bin/../lib/gcc/avr/4.9.2/avrxmega7\libgcc.a(_copy_data.o)
 .text.libgcc.mul
                0x00000000        0x0 c:/program files (x86)/atmel/studio/7.0/toolchain/avr8/avr8-gnu-toolchain/bin/../lib/gcc/avr/4.9.2/avrxmega7\libgcc.a(_copy_data.o)
 .text.libgcc.div
                0x00000000        0x0 c:/program files (x86)/atmel/studio/7.0/toolchain/avr8/avr8-gnu-toolchain/bin/../lib/gcc/avr/4.9.2/avrxmega7\libgcc.a(_copy_data.o)
 .text.libgcc   0x00000000        0x0 c:/program files (x86)/atmel/studio/7.0/toolchain/avr8/avr8-gnu-toolchain/bin/../lib/gcc/avr/4.9.2/avrxmega7\libgcc.a(_copy_data.o)
 .text.libgcc.prologue
                0x00000000        0x0 c:/program files (x86)/atmel/studio/7.0/toolchain/avr8/avr8-gnu-toolchain/bin/../lib/gcc/avr/4.9.2/avrxmega7\libgcc.a(_copy_data.o)
 .text.libgcc.builtins
                0x00000000        0x0 c:/program files (x86)/atmel/studio/7.0/toolchain/avr8/avr8-gnu-toolchain/bin/../lib/gcc/avr/4.9.2/avrxmega7\libgcc.a(_copy_data.o)
 .text.libgcc.fmul
                0x00000000        0x0 c:/program files (x86)/atmel/studio/7.0/toolchain/avr8/avr8-gnu-toolchain/bin/../lib/gcc/avr/4.9.2/avrxmega7\libgcc.a(_copy_data.o)
 .text.libgcc.fixed
                0x00000000        0x0 c:/program files (x86)/atmel/studio/7.0/toolchain/avr8/avr8-gnu-toolchain/bin/../lib/gcc/avr/4.9.2/avrxmega7\libgcc.a(_copy_data.o)
 .text          0x00000000        0x0 c:/program files (x86)/atmel/studio/7.0/toolchain/avr8/avr8-gnu-toolchain/bin/../lib/gcc/avr/4.9.2/avrxmega7\libgcc.a(_clear_bss.o)
 .data          0x00000000        0x0 c:/program files (x86)/atmel/studio/7.0/toolchain/avr8/avr8-gnu-toolchain/bin/../lib/gcc/avr/4.9.2/avrxmega7\libgcc.a(_clear_bss.o)
 .bss           0x00000000        0x0 c:/program files (x86)/atmel/studio/7.0/toolchain/avr8/avr8-gnu-toolchain/bin/../lib/gcc/avr/4.9.2/avrxmega7\libgcc.a(_clear_bss.o)
 .text.libgcc.mul
                0x00000000        0x0 c:/program files (x86)/atmel/studio/7.0/toolchain/avr8/avr8-gnu-toolchain/bin/../lib/gcc/avr/4.9.2/avrxmega7\libgcc.a(_clear_bss.o)
 .text.libgcc.div
                0x00000000        0x0 c:/program files (x86)/atmel/studio/7.0/toolchain/avr8/avr8-gnu-toolchain/bin/../lib/gcc/avr/4.9.2/avrxmega7\libgcc.a(_clear_bss.o)
 .text.libgcc   0x00000000        0x0 c:/program files (x86)/atmel/studio/7.0/toolchain/avr8/avr8-gnu-toolchain/bin/../lib/gcc/avr/4.9.2/avrxmega7\libgcc.a(_clear_bss.o)
 .text.libgcc.prologue
                0x00000000        0x0 c:/program files (x86)/atmel/studio/7.0/toolchain/avr8/avr8-gnu-toolchain/bin/../lib/gcc/avr/4.9.2/avrxmega7\libgcc.a(_clear_bss.o)
 .text.libgcc.builtins
                0x00000000        0x0 c:/program files (x86)/atmel/studio/7.0/toolchain/avr8/avr8-gnu-toolchain/bin/../lib/gcc/avr/4.9.2/avrxmega7\libgcc.a(_clear_bss.o)
 .text.libgcc.fmul
                0x00000000        0x0 c:/program files (x86)/atmel/studio/7.0/toolchain/avr8/avr8-gnu-toolchain/bin/../lib/gcc/avr/4.9.2/avrxmega7\libgcc.a(_clear_bss.o)
 .text.libgcc.fixed
                0x00000000        0x0 c:/program files (x86)/atmel/studio/7.0/toolchain/avr8/avr8-gnu-toolchain/bin/../lib/gcc/avr/4.9.2/avrxmega7\libgcc.a(_clear_bss.o)

Memory Configuration

Name             Origin             Length             Attributes
text             0x00000000         0x00100000         xr
data             0x00802000         0x0000ffa0         rw !x
eeprom           0x00810000         0x00010000         rw !x
fuse             0x00820000         0x00000400         rw !x
lock             0x00830000         0x00000400         rw !x
signature        0x00840000         0x00000400         rw !x
user_signatures  0x00850000         0x00000400         rw !x
*default*        0x00000000         0xffffffff

Linker script and memory map

LOAD C:/Program Files (x86)/Atmel/Studio/7.0/Packs/atmel/XMEGAA_DFP/1.0.36/gcc/dev/atxmega128a1/avrxmega7/crtatxmega128a1.o
LOAD ATXMEGA_pok.o
LOAD display_demo.o
LOAD matrix_disp_driving.o
LOAD set_32MHz.o
START GROUP
LOAD c:/program files (x86)/atmel/studio/7.0/toolchain/avr8/avr8-gnu-toolchain/bin/../lib/gcc/avr/4.9.2/../../../../avr/lib/avrxmega7\libm.a
END GROUP
START GROUP
LOAD c:/program files (x86)/atmel/studio/7.0/toolchain/avr8/avr8-gnu-toolchain/bin/../lib/gcc/avr/4.9.2/avrxmega7\libgcc.a
LOAD c:/program files (x86)/atmel/studio/7.0/toolchain/avr8/avr8-gnu-toolchain/bin/../lib/gcc/avr/4.9.2/../../../../avr/lib/avrxmega7\libm.a
LOAD c:/program files (x86)/atmel/studio/7.0/toolchain/avr8/avr8-gnu-toolchain/bin/../lib/gcc/avr/4.9.2/../../../../avr/lib/avrxmega7\libc.a
LOAD C:/Program Files (x86)/Atmel/Studio/7.0/Packs/atmel/XMEGAA_DFP/1.0.36/gcc/dev/atxmega128a1/avrxmega7\libatxmega128a1.a
END GROUP

.hash
 *(.hash)

.dynsym
 *(.dynsym)

.dynstr
 *(.dynstr)

.gnu.version
 *(.gnu.version)

.gnu.version_d
 *(.gnu.version_d)

.gnu.version_r
 *(.gnu.version_r)

.rel.init
 *(.rel.init)

.rela.init
 *(.rela.init)

.rel.text
 *(.rel.text)
 *(.rel.text.*)
 *(.rel.gnu.linkonce.t*)

.rela.text
 *(.rela.text)
 *(.rela.text.*)
 *(.rela.gnu.linkonce.t*)

.rel.fini
 *(.rel.fini)

.rela.fini
 *(.rela.fini)

.rel.rodata
 *(.rel.rodata)
 *(.rel.rodata.*)
 *(.rel.gnu.linkonce.r*)

.rela.rodata
 *(.rela.rodata)
 *(.rela.rodata.*)
 *(.rela.gnu.linkonce.r*)

.rel.data
 *(.rel.data)
 *(.rel.data.*)
 *(.rel.gnu.linkonce.d*)

.rela.data
 *(.rela.data)
 *(.rela.data.*)
 *(.rela.gnu.linkonce.d*)

.rel.ctors
 *(.rel.ctors)

.rela.ctors
 *(.rela.ctors)

.rel.dtors
 *(.rel.dtors)

.rela.dtors
 *(.rela.dtors)

.rel.got
 *(.rel.got)

.rela.got
 *(.rela.got)

.rel.bss
 *(.rel.bss)

.rela.bss
 *(.rela.bss)

.rel.plt
 *(.rel.plt)

.rela.plt
 *(.rela.plt)

.text           0x00000000     0x128c
 *(.vectors)
 .vectors       0x00000000      0x1f4 C:/Program Files (x86)/Atmel/Studio/7.0/Packs/atmel/XMEGAA_DFP/1.0.36/gcc/dev/atxmega128a1/avrxmega7/crtatxmega128a1.o
                0x00000000                __vector_default
                0x00000000                __vectors
 *(.vectors)
 *(.progmem.gcc*)
                0x000001f4                . = ALIGN (0x2)
                0x000001f4                __trampolines_start = .
 *(.trampolines)
 .trampolines   0x000001f4        0x0 linker stubs
 *(.trampolines*)
                0x000001f4                __trampolines_end = .
 *(.progmem*)
 .progmem.data.font5x7
                0x000001f4      0x300 matrix_disp_driving.o
                0x000004f4                . = ALIGN (0x2)
 *(.jumptables)
 *(.jumptables*)
 *(.lowtext)
 *(.lowtext*)
                0x000004f4                __ctors_start = .
 *(.ctors)
                0x000004f4                __ctors_end = .
                0x000004f4                __dtors_start = .
 *(.dtors)
                0x000004f4                __dtors_end = .
 SORT(*)(.ctors)
 SORT(*)(.dtors)
 *(.init0)
 .init0         0x000004f4        0x0 C:/Program Files (x86)/Atmel/Studio/7.0/Packs/atmel/XMEGAA_DFP/1.0.36/gcc/dev/atxmega128a1/avrxmega7/crtatxmega128a1.o
                0x000004f4                __init
 *(.init0)
 *(.init1)
 *(.init1)
 *(.init2)
 .init2         0x000004f4       0x18 C:/Program Files (x86)/Atmel/Studio/7.0/Packs/atmel/XMEGAA_DFP/1.0.36/gcc/dev/atxmega128a1/avrxmega7/crtatxmega128a1.o
 *(.init2)
 *(.init3)
 *(.init3)
 *(.init4)
 .init4         0x0000050c       0x1c c:/program files (x86)/atmel/studio/7.0/toolchain/avr8/avr8-gnu-toolchain/bin/../lib/gcc/avr/4.9.2/avrxmega7\libgcc.a(_copy_data.o)
                0x0000050c                __do_copy_data
 .init4         0x00000528       0x10 c:/program files (x86)/atmel/studio/7.0/toolchain/avr8/avr8-gnu-toolchain/bin/../lib/gcc/avr/4.9.2/avrxmega7\libgcc.a(_clear_bss.o)
                0x00000528                __do_clear_bss
 *(.init4)
 *(.init5)
 *(.init5)
 *(.init6)
 *(.init6)
 *(.init7)
 *(.init7)
 *(.init8)
 *(.init8)
 *(.init9)
 .init9         0x00000538        0x4 C:/Program Files (x86)/Atmel/Studio/7.0/Packs/atmel/XMEGAA_DFP/1.0.36/gcc/dev/atxmega128a1/avrxmega7/crtatxmega128a1.o
 *(.init9)
 *(.text)
 .text          0x0000053c        0x2 C:/Program Files (x86)/Atmel/Studio/7.0/Packs/atmel/XMEGAA_DFP/1.0.36/gcc/dev/atxmega128a1/avrxmega7/crtatxmega128a1.o
                0x0000053c                __vector_38
                0x0000053c                __vector_104
                0x0000053c                __vector_22
                0x0000053c                __vector_63
                0x0000053c                __vector_28
                0x0000053c                __vector_67
                0x0000053c                __vector_1
                0x0000053c                __vector_119
                0x0000053c                __vector_32
                0x0000053c                __vector_75
                0x0000053c                __vector_71
                0x0000053c                __vector_91
                0x0000053c                __vector_34
                0x0000053c                __vector_62
                0x0000053c                __vector_77
                0x0000053c                __vector_102
                0x0000053c                __vector_24
                0x0000053c                __vector_12
                0x0000053c                __vector_55
                0x0000053c                __vector_69
                0x0000053c                __vector_81
                0x0000053c                __vector_90
                0x0000053c                __vector_46
                0x0000053c                __bad_interrupt
                0x0000053c                __vector_122
                0x0000053c                __vector_72
                0x0000053c                __vector_114
                0x0000053c                __vector_6
                0x0000053c                __vector_110
                0x0000053c                __vector_31
                0x0000053c                __vector_92
                0x0000053c                __vector_35
                0x0000053c                __vector_78
                0x0000053c                __vector_74
                0x0000053c                __vector_117
                0x0000053c                __vector_39
                0x0000053c                __vector_107
                0x0000053c                __vector_3
                0x0000053c                __vector_105
                0x0000053c                __vector_98
                0x0000053c                __vector_23
                0x0000053c                __vector_68
                0x0000053c                __vector_30
                0x0000053c                __vector_73
                0x0000053c                __vector_45
                0x0000053c                __vector_25
                0x0000053c                __vector_93
                0x0000053c                __vector_61
                0x0000053c                __vector_11
                0x0000053c                __vector_54
                0x0000053c                __vector_99
                0x0000053c                __vector_13
                0x0000053c                __vector_17
                0x0000053c                __vector_19
                0x0000053c                __vector_56
                0x0000053c                __vector_7
                0x0000053c                __vector_49
                0x0000053c                __vector_123
                0x0000053c                __vector_41
                0x0000053c                __vector_86
                0x0000053c                __vector_100
                0x0000053c                __vector_101
                0x0000053c                __vector_64
                0x0000053c                __vector_88
                0x0000053c                __vector_109
                0x0000053c                __vector_43
                0x0000053c                __vector_27
                0x0000053c                __vector_5
                0x0000053c                __vector_113
                0x0000053c                __vector_33
                0x0000053c                __vector_76
                0x0000053c                __vector_115
                0x0000053c                __vector_47
                0x0000053c                __vector_52
                0x0000053c                __vector_37
                0x0000053c                __vector_95
                0x0000053c                __vector_103
                0x0000053c                __vector_96
                0x0000053c                __vector_89
                0x0000053c                __vector_108
                0x0000053c                __vector_4
                0x0000053c                __vector_44
                0x0000053c                __vector_82
                0x0000053c                __vector_106
                0x0000053c                __vector_118
                0x0000053c                __vector_51
                0x0000053c                __vector_9
                0x0000053c                __vector_2
                0x0000053c                __vector_21
                0x0000053c                __vector_15
                0x0000053c                __vector_66
                0x0000053c                __vector_36
                0x0000053c                __vector_79
                0x0000053c                __vector_58
                0x0000053c                __vector_70
                0x0000053c                __vector_83
                0x0000053c                __vector_29
                0x0000053c                __vector_60
                0x0000053c                __vector_121
                0x0000053c                __vector_40
                0x0000053c                __vector_85
                0x0000053c                __vector_94
                0x0000053c                __vector_8
                0x0000053c                __vector_26
                0x0000053c                __vector_48
                0x0000053c                __vector_124
                0x0000053c                __vector_116
                0x0000053c                __vector_112
                0x0000053c                __vector_111
                0x0000053c                __vector_80
                0x0000053c                __vector_14
                0x0000053c                __vector_84
                0x0000053c                __vector_57
                0x0000053c                __vector_53
                0x0000053c                __vector_10
                0x0000053c                __vector_50
                0x0000053c                __vector_16
                0x0000053c                __vector_59
                0x0000053c                __vector_18
                0x0000053c                __vector_97
                0x0000053c                __vector_20
                0x0000053c                __vector_42
                0x0000053c                __vector_87
                0x0000053c                __vector_65
                0x0000053c                __vector_120
                0x0000053e                . = ALIGN (0x2)
 *(.text.*)
 .text.init_LED_display
                0x0000053e      0x14a ATXMEGA_pok.o
                0x0000053e                init_LED_display
 .text.main     0x00000688       0x7e ATXMEGA_pok.o
                0x00000688                main
 .text.display_run
                0x00000706       0x48 display_demo.o
                0x00000706                display_run
 .text.display_demo1
                0x0000074e      0x190 display_demo.o
                0x0000074e                display_demo1
 .text.shift_out_byte
                0x000008de       0x10 matrix_disp_driving.o
                0x000008de                shift_out_byte
 .text.shift_out_data_to_unit
                0x000008ee       0x58 matrix_disp_driving.o
                0x000008ee                shift_out_data_to_unit
 .text.loadBufferLong
                0x00000946       0x72 matrix_disp_driving.o
                0x00000946                loadBufferLong
 .text.set_char_5x7_on_XY
                0x000009b8      0x452 matrix_disp_driving.o
                0x000009b8                set_char_5x7_on_XY
 .text.clear_videoMem_1
                0x00000e0a       0x2a matrix_disp_driving.o
                0x00000e0a                clear_videoMem_1
 .text.print_disp_memory_1
                0x00000e34      0x114 matrix_disp_driving.o
                0x00000e34                print_disp_memory_1
 .text.set_bode_to_videoMem
                0x00000f48      0x19a matrix_disp_driving.o
                0x00000f48                set_bode_to_videoMem
 .text.check_string_lenght
                0x000010e2       0x50 matrix_disp_driving.o
                0x000010e2                check_string_lenght
 .text.print_string
                0x00001132       0x74 matrix_disp_driving.o
                0x00001132                print_string
 .text.RUNNING_TEXT
                0x000011a6       0x9c matrix_disp_driving.o
                0x000011a6                RUNNING_TEXT
 .text.set_32MHz_function
                0x00001242       0x46 set_32MHz.o
                0x00001242                set_32MHz_function
                0x00001288                . = ALIGN (0x2)
 *(.fini9)
 .fini9         0x00001288        0x0 c:/program files (x86)/atmel/studio/7.0/toolchain/avr8/avr8-gnu-toolchain/bin/../lib/gcc/avr/4.9.2/avrxmega7\libgcc.a(_exit.o)
                0x00001288                _exit
                0x00001288                exit
 *(.fini9)
 *(.fini8)
 *(.fini8)
 *(.fini7)
 *(.fini7)
 *(.fini6)
 *(.fini6)
 *(.fini5)
 *(.fini5)
 *(.fini4)
 *(.fini4)
 *(.fini3)
 *(.fini3)
 *(.fini2)
 *(.fini2)
 *(.fini1)
 *(.fini1)
 *(.fini0)
 .fini0         0x00001288        0x4 c:/program files (x86)/atmel/studio/7.0/toolchain/avr8/avr8-gnu-toolchain/bin/../lib/gcc/avr/4.9.2/avrxmega7\libgcc.a(_exit.o)
 *(.fini0)
                0x0000128c                _etext = .

.data           0x00802000       0xfe load address 0x0000128c
                0x00802000                PROVIDE (__data_start, .)
 *(.data)
 *(.data*)
 *(.rodata)
 *(.rodata*)
 .rodata.str1.1
                0x00802000       0xfe display_demo.o
 *(.gnu.linkonce.d*)
                0x008020fe                . = ALIGN (0x2)
                0x008020fe                _edata = .
                0x008020fe                PROVIDE (__data_end, .)

.bss            0x008020fe      0x135
                0x008020fe                PROVIDE (__bss_start, .)
 *(.bss)
 *(.bss*)
 .bss.bufferLong
                0x008020fe       0x38 matrix_disp_driving.o
                0x008020fe                bufferLong
 .bss.VIDEO_MEM_1
                0x00802136       0x30 matrix_disp_driving.o
                0x00802136                VIDEO_MEM_1
 *(COMMON)
 COMMON         0x00802166       0xcd display_demo.o
                0x00802166                text
                0x00802233                PROVIDE (__bss_end, .)
                0x0000128c                __data_load_start = LOADADDR (.data)
                0x0000138a                __data_load_end = (__data_load_start + SIZEOF (.data))

.noinit         0x00802233        0x0
                0x00802233                PROVIDE (__noinit_start, .)
 *(.noinit*)
                0x00802233                PROVIDE (__noinit_end, .)
                0x00802233                _end = .
                0x00802233                PROVIDE (__heap_start, .)

.eeprom         0x00810000        0x0
 *(.eeprom*)
                0x00810000                __eeprom_end = .

.fuse
 *(.fuse)
 *(.lfuse)
 *(.hfuse)
 *(.efuse)

.lock
 *(.lock*)

.signature
 *(.signature*)

.user_signatures
 *(.user_signatures*)

.stab
 *(.stab)

.stabstr
 *(.stabstr)

.stab.excl
 *(.stab.excl)

.stab.exclstr
 *(.stab.exclstr)

.stab.index
 *(.stab.index)

.stab.indexstr
 *(.stab.indexstr)

.comment        0x00000000       0x30
 *(.comment)
 .comment       0x00000000       0x30 ATXMEGA_pok.o
                                 0x31 (size before relaxing)
 .comment       0x00000030       0x31 display_demo.o
 .comment       0x00000030       0x31 matrix_disp_driving.o
 .comment       0x00000030       0x31 set_32MHz.o

.note.gnu.avr.deviceinfo
                0x00000000       0x40
 .note.gnu.avr.deviceinfo
                0x00000000       0x40 C:/Program Files (x86)/Atmel/Studio/7.0/Packs/atmel/XMEGAA_DFP/1.0.36/gcc/dev/atxmega128a1/avrxmega7/crtatxmega128a1.o

.note.gnu.build-id
 *(.note.gnu.build-id)

.debug
 *(.debug)

.line
 *(.line)

.debug_srcinfo
 *(.debug_srcinfo)

.debug_sfnames
 *(.debug_sfnames)

.debug_aranges  0x00000000       0xe0
 *(.debug_aranges)
 .debug_aranges
                0x00000000       0x28 ATXMEGA_pok.o
 .debug_aranges
                0x00000028       0x28 display_demo.o
 .debug_aranges
                0x00000050       0x70 matrix_disp_driving.o
 .debug_aranges
                0x000000c0       0x20 set_32MHz.o

.debug_pubnames
 *(.debug_pubnames)

.debug_info     0x00000000     0x1f01
 *(.debug_info .gnu.linkonce.wi.*)
 .debug_info    0x00000000      0xa38 ATXMEGA_pok.o
 .debug_info    0x00000a38      0x72b display_demo.o
 .debug_info    0x00001163      0xb5a matrix_disp_driving.o
 .debug_info    0x00001cbd      0x244 set_32MHz.o

.debug_abbrev   0x00000000      0x71f
 *(.debug_abbrev)
 .debug_abbrev  0x00000000      0x1e2 ATXMEGA_pok.o
 .debug_abbrev  0x000001e2      0x1ad display_demo.o
 .debug_abbrev  0x0000038f      0x2d9 matrix_disp_driving.o
 .debug_abbrev  0x00000668       0xb7 set_32MHz.o

.debug_line     0x00000000      0xda1
 *(.debug_line .debug_line.* .debug_line_end)
 .debug_line    0x00000000      0x362 ATXMEGA_pok.o
 .debug_line    0x00000362      0x259 display_demo.o
 .debug_line    0x000005bb      0x6a8 matrix_disp_driving.o
 .debug_line    0x00000c63      0x13e set_32MHz.o

.debug_frame    0x00000000      0x2b4
 *(.debug_frame)
 .debug_frame   0x00000000       0x34 ATXMEGA_pok.o
 .debug_frame   0x00000034       0x48 display_demo.o
 .debug_frame   0x0000007c      0x214 matrix_disp_driving.o
 .debug_frame   0x00000290       0x24 set_32MHz.o

.debug_str      0x00000000      0x859
 *(.debug_str)
 .debug_str     0x00000000      0x494 ATXMEGA_pok.o
                                0x4d2 (size before relaxing)
 .debug_str     0x00000494       0x72 display_demo.o
                                0x282 (size before relaxing)
 .debug_str     0x00000506      0x20c matrix_disp_driving.o
                                0x50f (size before relaxing)
 .debug_str     0x00000712      0x147 set_32MHz.o
                                0x2e9 (size before relaxing)

.debug_loc      0x00000000      0xe32
 *(.debug_loc)
 .debug_loc     0x00000000      0x115 display_demo.o
 .debug_loc     0x00000115      0xd1d matrix_disp_driving.o

.debug_macinfo
 *(.debug_macinfo)

.debug_weaknames
 *(.debug_weaknames)

.debug_funcnames
 *(.debug_funcnames)

.debug_typenames
 *(.debug_typenames)

.debug_varnames
 *(.debug_varnames)

.debug_pubtypes
 *(.debug_pubtypes)

.debug_ranges   0x00000000       0xb8
 *(.debug_ranges)
 .debug_ranges  0x00000000       0x18 ATXMEGA_pok.o
 .debug_ranges  0x00000018       0x18 display_demo.o
 .debug_ranges  0x00000030       0x78 matrix_disp_driving.o
 .debug_ranges  0x000000a8       0x10 set_32MHz.o

.debug_macro
 *(.debug_macro)
OUTPUT(ATXMEGA_pok.elf elf32-avr)
LOAD linker stubs
